// Jest Snapshot v1, https://goo.gl/fbAQLP

exports[`create-types 1`] = `
Object {
  "allGatsbyPlugin": Object {
    "resolve": [Function],
    "type": "GatsbyPluginConnection",
  },
  "allNPMPackageJson": Object {
    "resolve": [Function],
    "type": "NPMPackageJsonConnection",
  },
  "allNPMScript": Object {
    "resolve": [Function],
    "type": "NPMScriptConnection",
  },
  "file": Object {
    "args": Object {
      "id": Object {
        "type": "String",
      },
    },
    "resolve": [Function],
    "type": "File",
  },
  "gatsbyPlugin": Object {
    "args": Object {
      "id": Object {
        "type": "String",
      },
    },
    "resolve": [Function],
    "type": "GatsbyPlugin",
  },
  "npmPackage": Object {
    "args": Object {
      "id": Object {
        "type": "String",
      },
    },
    "resolve": [Function],
    "type": "NPMPackage",
  },
  "npmPackageJson": Object {
    "args": Object {
      "id": Object {
        "type": "String",
      },
    },
    "resolve": [Function],
    "type": "NPMPackageJson",
  },
  "npmScript": Object {
    "args": Object {
      "id": Object {
        "type": "String",
      },
    },
    "resolve": [Function],
    "type": "NPMScript",
  },
}
`;
