// Jest Snapshot v1, https://goo.gl/fbAQLP

exports[`should create plan for File resources 1`] = `
Array [
  Object {
    "currentState": "#yo",
    "describe": "Write ./hi.md",
    "newState": "#yo",
    "resourceDefinitions": Array [
      Object {
        "content": "#yo",
        "path": "./hi.md",
      },
    ],
    "resourceName": "File",
  },
]
`;

exports[`should store created/changed/deleted resources on the context after applying plan 1`] = `
Array [
  Array [
    Object {
      "_message": "Wrote file ./hi.md",
      "content": "#yo",
      "id": "./hi.md",
      "path": "./hi.md",
    },
  ],
  Array [
    Object {
      "_message": "Wrote file ./hi2.md",
      "content": "#yo",
      "id": "./hi2.md",
      "path": "./hi2.md",
    },
  ],
]
`;
